<html>
<body>
<pre>
<h1>µVision Build Log</h1>
<h2>Tool Versions:</h2>
IDE-Version: ¦ÌVision V5.38.0.0
Copyright (C) 2022 ARM Ltd and ARM Germany GmbH. All rights reserved.
License Information: 1 2, 3, LIC=KRMW3-AJKQJ-JJI6S-LUKJ6-62JWL-PDLC0
 
Tool Versions:
Toolchain:       MDK-ARM Plus  Version: 5.38.0.0
Toolchain Path:  D:\keil\keil\ARM\ARMCC\Bin
C Compiler:      Armcc.exe V5.06 update 7 (build 960)
Assembler:       Armasm.exe V5.06 update 7 (build 960)
Linker/Locator:  ArmLink.exe V5.06 update 7 (build 960)
Library Manager: ArmAr.exe V5.06 update 7 (build 960)
Hex Converter:   FromElf.exe V5.06 update 7 (build 960)
CPU DLL:         SARMCM3.DLL V5.38.0.0
Dialog DLL:      DCM.DLL V1.17.5.0
Target DLL:      STLink\ST-LINKIII-KEIL_SWO.dll V3.1.0.0
Dialog DLL:      TCM.DLL V1.56.4.0
 
<h2>Project:</h2>
W:\SLAM_project\controller\MDK-ARM\controller.uvprojx
Project File Date:  10/07/2023

<h2>Output:</h2>
*** Using Compiler 'V5.06 update 7 (build 960)', folder: 'D:\keil\keil\ARM\ARMCC\Bin'
Rebuild target 'controller'
assembling startup_stm32f103xb.s...
compiling dma.c...
compiling stm32f1xx_it.c...
compiling gpio.c...
compiling stm32f1xx_hal_timebase_tim.c...
compiling stm32f1xx_hal_msp.c...
compiling i2c.c...
compiling stm32f1xx_hal_gpio_ex.c...
compiling usart.c...
compiling oled.c...
compiling mpu6050.c...
compiling adc.c...
compiling inv_mpu.c...
compiling key_led.c...
compiling main.c...
compiling inv_mpu_dmp_motion_driver.c...
compiling freertos.c...
compiling stm32f1xx_hal_rcc_ex.c...
compiling stm32f1xx_hal_rcc.c...
compiling stm32f1xx_hal_flash.c...
compiling stm32f1xx_hal_exti.c...
compiling stm32f1xx_hal_cortex.c...
compiling stm32f1xx_hal_adc_ex.c...
compiling stm32f1xx_hal_uart.c...
compiling stm32f1xx_hal_pwr.c...
compiling stm32f1xx_hal.c...
compiling stm32f1xx_hal_dma.c...
compiling stm32f1xx_hal_gpio.c...
compiling stm32f1xx_hal_tim_ex.c...
compiling stm32f1xx_hal_flash_ex.c...
compiling stm32f1xx_hal_adc.c...
compiling croutine.c...
compiling event_groups.c...
compiling list.c...
compiling stm32f1xx_hal_tim.c...
compiling stm32f1xx_hal_i2c.c...
compiling queue.c...
compiling timers.c...
compiling heap_4.c...
compiling stream_buffer.c...
compiling tasks.c...
compiling port.c...
compiling cmsis_os.c...
compiling system_stm32f1xx.c...
linking...
Program Size: Code=38392 RO-data=3940 RW-data=244 ZI-data=7756  
FromELF: creating hex file...
"controller\controller.axf" - 0 Error(s), 0 Warning(s).

<h2>Software Packages used:</h2>

Package Vendor: ARM
                http://www.keil.com/pack/ARM.CMSIS.5.9.0.pack
                ARM.CMSIS.5.9.0
                CMSIS (Common Microcontroller Software Interface Standard)
   * Component: CORE Version: 5.6.0

Package Vendor: Keil
                http://www.keil.com/pack/Keil.STM32F1xx_DFP.2.4.0.pack
                Keil.STM32F1xx_DFP.2.4.0
                STMicroelectronics STM32F1 Series Device Support, Drivers and Examples

<h2>Collection of Component include folders:</h2>
  ./RTE/_controller
  D:/keil/pack/ARM/CMSIS/5.9.0/CMSIS/Core/Include
  D:/keil/pack/Keil/STM32F1xx_DFP/2.4.0/Device/Include

<h2>Collection of Component Files used:</h2>

   * Component: ARM::CMSIS:CORE:5.6.0
      Include file:  CMSIS/Core/Include/tz_context.h
Build Time Elapsed:  00:00:10
</pre>
</body>
</html>
